  Determinando os projetos a serem restaurados...
  Todos os projetos est├úo atualizados para restaura├º├úo.
  IT4You.Domain -> C:\dev\chaterpia\api\IT4You.Domain\bin\Debug\net8.0\IT4You.Domain.dll
  IT4You.Application -> C:\dev\chaterpia\api\IT4You.Application\bin\Debug\net8.0\IT4You.Application.dll
C:\dev\chaterpia\api\IT4You.Infrastructure\Services\MonitoringWorker.cs(4,28): error CS0234: O nome de tipo ou namespace "Hosting" n├úo existe no namespace "Microsoft.Extensions" (voc├¬ est├í sem uma refer├¬ncia de assembly?) [C:\dev\chaterpia\api\IT4You.Infrastructure\IT4You.Infrastructure.csproj]
C:\dev\chaterpia\api\IT4You.Infrastructure\Services\MonitoringWorker.cs(9,37): error CS0246: O nome do tipo ou do namespace "BackgroundService" n├úo pode ser encontrado (est├í faltando uma diretiva using ou uma refer├¬ncia de assembly?) [C:\dev\chaterpia\api\IT4You.Infrastructure\IT4You.Infrastructure.csproj]

FALHA da compila├º├úo.

C:\dev\chaterpia\api\IT4You.Infrastructure\Services\MonitoringWorker.cs(4,28): error CS0234: O nome de tipo ou namespace "Hosting" n├úo existe no namespace "Microsoft.Extensions" (voc├¬ est├í sem uma refer├¬ncia de assembly?) [C:\dev\chaterpia\api\IT4You.Infrastructure\IT4You.Infrastructure.csproj]
C:\dev\chaterpia\api\IT4You.Infrastructure\Services\MonitoringWorker.cs(9,37): error CS0246: O nome do tipo ou do namespace "BackgroundService" n├úo pode ser encontrado (est├í faltando uma diretiva using ou uma refer├¬ncia de assembly?) [C:\dev\chaterpia\api\IT4You.Infrastructure\IT4You.Infrastructure.csproj]
    0 Aviso(s)
    2 Erro(s)

Tempo Decorrido 00:00:07.44

As atualiza├º├Áes de carga de trabalho est├úo dispon├¡veis. Execute `dotnet workload list` para obter mais informa├º├Áes.
