﻿  Determinando os projetos a serem restaurados...
  Todos os projetos est├úo atualizados para restaura├º├úo.
  IT4You.Domain -> c:\dev\chaterpia\api\IT4You.Domain\bin\Debug\net8.0\IT4You.Domain.dll
c:\dev\chaterpia\api\IT4You.Application\FinanceAnalytics\Services\CacheWarmingService.cs(5,14): error CS0234: O nome de tipo ou namespace "Infrastructure" n├úo existe no namespace "IT4You" (voc├¬ est├í sem uma refer├¬ncia de assembly?) [c:\dev\chaterpia\api\IT4You.Application\IT4You.Application.csproj]
c:\dev\chaterpia\api\IT4You.Application\FinanceAnalytics\Services\CacheWarmingService.cs(12,26): error CS0246: O nome do tipo ou do namespace "RedisCacheService" n├úo pode ser encontrado (est├í faltando uma diretiva using ou uma refer├¬ncia de assembly?) [c:\dev\chaterpia\api\IT4You.Application\IT4You.Application.csproj]
c:\dev\chaterpia\api\IT4You.Application\FinanceAnalytics\Services\CacheWarmingService.cs(14,76): error CS0246: O nome do tipo ou do namespace "RedisCacheService" n├úo pode ser encontrado (est├í faltando uma diretiva using ou uma refer├¬ncia de assembly?) [c:\dev\chaterpia\api\IT4You.Application\IT4You.Application.csproj]
c:\dev\chaterpia\api\IT4You.Application\FinanceAnalytics\Services\FinanceAnalyticsService.cs(11,26): error CS0246: O nome do tipo ou do namespace "RedisCacheService" n├úo pode ser encontrado (est├í faltando uma diretiva using ou uma refer├¬ncia de assembly?) [c:\dev\chaterpia\api\IT4You.Application\IT4You.Application.csproj]
c:\dev\chaterpia\api\IT4You.Application\FinanceAnalytics\Services\FinanceAnalyticsService.cs(16,13): error CS0246: O nome do tipo ou do namespace "RedisCacheService" n├úo pode ser encontrado (est├í faltando uma diretiva using ou uma refer├¬ncia de assembly?) [c:\dev\chaterpia\api\IT4You.Application\IT4You.Application.csproj]

FALHA da compila├º├úo.

c:\dev\chaterpia\api\IT4You.Application\FinanceAnalytics\Services\CacheWarmingService.cs(5,14): error CS0234: O nome de tipo ou namespace "Infrastructure" n├úo existe no namespace "IT4You" (voc├¬ est├í sem uma refer├¬ncia de assembly?) [c:\dev\chaterpia\api\IT4You.Application\IT4You.Application.csproj]
c:\dev\chaterpia\api\IT4You.Application\FinanceAnalytics\Services\CacheWarmingService.cs(12,26): error CS0246: O nome do tipo ou do namespace "RedisCacheService" n├úo pode ser encontrado (est├í faltando uma diretiva using ou uma refer├¬ncia de assembly?) [c:\dev\chaterpia\api\IT4You.Application\IT4You.Application.csproj]
c:\dev\chaterpia\api\IT4You.Application\FinanceAnalytics\Services\CacheWarmingService.cs(14,76): error CS0246: O nome do tipo ou do namespace "RedisCacheService" n├úo pode ser encontrado (est├í faltando uma diretiva using ou uma refer├¬ncia de assembly?) [c:\dev\chaterpia\api\IT4You.Application\IT4You.Application.csproj]
c:\dev\chaterpia\api\IT4You.Application\FinanceAnalytics\Services\FinanceAnalyticsService.cs(11,26): error CS0246: O nome do tipo ou do namespace "RedisCacheService" n├úo pode ser encontrado (est├í faltando uma diretiva using ou uma refer├¬ncia de assembly?) [c:\dev\chaterpia\api\IT4You.Application\IT4You.Application.csproj]
c:\dev\chaterpia\api\IT4You.Application\FinanceAnalytics\Services\FinanceAnalyticsService.cs(16,13): error CS0246: O nome do tipo ou do namespace "RedisCacheService" n├úo pode ser encontrado (est├í faltando uma diretiva using ou uma refer├¬ncia de assembly?) [c:\dev\chaterpia\api\IT4You.Application\IT4You.Application.csproj]
    0 Aviso(s)
    5 Erro(s)

Tempo Decorrido 00:00:01.71
